525.0
523.0
527.0
800.0
798.0
775.0
777.0
773.0
EOF